// Jest Snapshot v1, https://goo.gl/fbAQLP

exports[`Tooltip it should match snapshot 1`] = `
<Fragment>
  <TooltipPrimitive__StyledTooltipChildren
    aria-describedby="TooltipID50000-id-50000"
    enabled={true}
    onBlur={[Function]}
    onClick={[Function]}
    onFocus={[Function]}
    onMouseEnter={[Function]}
    onMouseLeave={[Function]}
    tabIndex="0"
  >
    <Airplane />
  </TooltipPrimitive__StyledTooltipChildren>
</Fragment>
`;
